docker : #0 building with "desktop-linux" instance using docker driver
At line:1 char:1
+ docker build --progress=plain --target runner -t mazen-devops-portfol ...
+ ~~~~~~~~~~~~~~~~~~~~~~~~~~~~~~~~~~~~~~~~~~~~~~~~~~~~~~~~~~~~~~~~~~~~~
    + CategoryInfo          : NotSpecified: (#0 building wit...g docker driver: 
   String) [], RemoteException
    + FullyQualifiedErrorId : NativeCommandError
 

#1 [internal] load build definition from Dockerfile
#1 transferring dockerfile: 717B done
#1 DONE 0.0s

#2 [auth] library/node:pull token for registry-1.docker.io
#2 DONE 0.0s

#3 [internal] load metadata for docker.io/library/node:20-alpine
#3 DONE 1.0s

#4 [internal] load .dockerignore
#4 transferring context: 2B done
#4 DONE 0.0s

#5 [builder 1/6] FROM docker.io/library/node:20-alpine@sha256:fb4cd12c85ee03686f
6af5362a0b0d56d50c58a04632e6c0fb8363f609372293
#5 resolve docker.io/library/node:20-alpine@sha256:fb4cd12c85ee03686f6af5362a0b0
d56d50c58a04632e6c0fb8363f609372293 0.0s done
#5 DONE 0.1s

#6 [builder 2/6] WORKDIR /app
#6 CACHED

#7 [internal] load build context
#7 transferring context: 78.83MB 5.0s
#7 transferring context: 141.71MB 10.1s
#7 transferring context: 203.10MB 15.2s
#7 transferring context: 251.83MB 20.3s
#7 transferring context: 288.30MB 25.4s
#7 transferring context: 305.13MB 30.5s
#7 transferring context: 361.92MB 35.6s
#7 transferring context: 372.79MB 40.7s
#7 transferring context: 390.46MB 45.8s
